MPLINK 4.42, Linker
Linker Map File - Created Fri Apr 20 00:19:58 2012

                                 Section Info
                  Section       Type    Address   Location Size(Bytes)
                ---------  ---------  ---------  ---------  ---------
                   .org_0       code   0x000000    program   0x000000
                   .org_1       code   0x000000    program   0x000094
.config_2007_P3BASE_S12.O       code   0x002007    program   0x000002



                              Program Memory Usage 
                               Start         End      
                           ---------   ---------      
                            0x000000    0x000049      
                            0x002007    0x002007      
            75 out of 1093 program addresses used, program memory utilization is 6%



                              Symbols - Sorted by Name
                     Name    Address   Location    Storage File                     
                ---------  ---------  ---------  --------- ---------                
              compute_avg   0x000012    program     static C:\Users\Thomas\Desktop\ECE2504DP3\p3base_S12.asm
              compute_max   0x000023    program     static C:\Users\Thomas\Desktop\ECE2504DP3\p3base_S12.asm
                    cond1   0x00002b    program     static C:\Users\Thomas\Desktop\ECE2504DP3\p3base_S12.asm
                    cond2   0x00002f    program     static C:\Users\Thomas\Desktop\ECE2504DP3\p3base_S12.asm
                    cond3   0x000038    program     static C:\Users\Thomas\Desktop\ECE2504DP3\p3base_S12.asm
                   endmax   0x00003d    program     static C:\Users\Thomas\Desktop\ECE2504DP3\p3base_S12.asm
                     last   0x000011    program     static C:\Users\Thomas\Desktop\ECE2504DP3\p3base_S12.asm
                     loop   0x000006    program     static C:\Users\Thomas\Desktop\ECE2504DP3\p3base_S12.asm
                    loop1   0x000018    program     static C:\Users\Thomas\Desktop\ECE2504DP3\p3base_S12.asm
                   neg_op   0x00003e    program     static C:\Users\Thomas\Desktop\ECE2504DP3\p3base_S12.asm
                   pos_op   0x000046    program     static C:\Users\Thomas\Desktop\ECE2504DP3\p3base_S12.asm
            program_start   0x000000    program     static C:\Users\Thomas\Desktop\ECE2504DP3\p3base_S12.asm



                              Symbols - Sorted by Address
                     Name    Address   Location    Storage File                     
                ---------  ---------  ---------  --------- ---------                
            program_start   0x000000    program     static C:\Users\Thomas\Desktop\ECE2504DP3\p3base_S12.asm
                     loop   0x000006    program     static C:\Users\Thomas\Desktop\ECE2504DP3\p3base_S12.asm
                     last   0x000011    program     static C:\Users\Thomas\Desktop\ECE2504DP3\p3base_S12.asm
              compute_avg   0x000012    program     static C:\Users\Thomas\Desktop\ECE2504DP3\p3base_S12.asm
                    loop1   0x000018    program     static C:\Users\Thomas\Desktop\ECE2504DP3\p3base_S12.asm
              compute_max   0x000023    program     static C:\Users\Thomas\Desktop\ECE2504DP3\p3base_S12.asm
                    cond1   0x00002b    program     static C:\Users\Thomas\Desktop\ECE2504DP3\p3base_S12.asm
                    cond2   0x00002f    program     static C:\Users\Thomas\Desktop\ECE2504DP3\p3base_S12.asm
                    cond3   0x000038    program     static C:\Users\Thomas\Desktop\ECE2504DP3\p3base_S12.asm
                   endmax   0x00003d    program     static C:\Users\Thomas\Desktop\ECE2504DP3\p3base_S12.asm
                   neg_op   0x00003e    program     static C:\Users\Thomas\Desktop\ECE2504DP3\p3base_S12.asm
                   pos_op   0x000046    program     static C:\Users\Thomas\Desktop\ECE2504DP3\p3base_S12.asm


